╭──────────┬───────────╮
│ KIND     ┆ VALUE     │
╞══════════╪═══════════╡
│ name     ┆ foo       │
├╌╌╌╌╌╌╌╌╌╌┼╌╌╌╌╌╌╌╌╌╌╌┤
│ kind     ┆ component │
├╌╌╌╌╌╌╌╌╌╌┼╌╌╌╌╌╌╌╌╌╌╌┤
│ range    ┆ 0x0..0x65 │
├╌╌╌╌╌╌╌╌╌╌┼╌╌╌╌╌╌╌╌╌╌╌┤
│ language ┆ foo [1]   │
╰──────────┴───────────╯
╭───────┬───────────╮
│ KIND  ┆ VALUE     │
╞═══════╪═══════════╡
│ name  ┆ <unknown> │
├╌╌╌╌╌╌╌┼╌╌╌╌╌╌╌╌╌╌╌┤
│ kind  ┆ module    │
├╌╌╌╌╌╌╌┼╌╌╌╌╌╌╌╌╌╌╌┤
│ range ┆ 0xa..0x31 │
╰───────┴───────────╯
